
> nextjs@0.1.0 dev
> next dev -H 0.0.0.0 -p 3000

   ▲ Next.js 15.2.3
   - Local:        http://localhost:3000
   - Network:      http://0.0.0.0:3000

 ✓ Starting...
Attention: Next.js now collects completely anonymous telemetry regarding usage.
This information is used to shape Next.js' roadmap and prioritize features.
You can learn more, including how to opt-out if you'd not like to participate in this anonymous program, by visiting the following URL:
https://nextjs.org/telemetry

 ✓ Ready in 3.7s
 ○ Compiling / ...
 ✓ Compiled / in 25.4s (744 modules)
 GET / 200 in 3199ms
 ✓ Compiled in 2.1s (331 modules)
 ✓ Compiled in 686ms (331 modules)
 ✓ Compiled in 508ms (331 modules)
 GET / 200 in 683ms
 ✓ Compiled in 788ms (331 modules)
 GET / 200 in 707ms
 ✓ Compiled in 711ms (331 modules)
 GET / 200 in 686ms
 ✓ Compiled in 602ms (331 modules)
 GET / 200 in 590ms
 ⚠ Blocked cross-origin request from vscode-internal-68874-beta.beta01.cloud.kavia.ai. To allow this, configure "allowedDevOrigins" in next.config
Read more: https://nextjs.org/docs/app/api-reference/config/next-config-js/allowedDevOrigins
 GET / 200 in 1095ms
 ✓ Compiled in 911ms (331 modules)
 GET / 200 in 1201ms
 ✓ Compiled in 893ms (331 modules)
 ✓ Compiled in 594ms (331 modules)
 ✓ Compiled in 511ms (331 modules)
 ✓ Compiled in 501ms (331 modules)
 ✓ Compiled in 600ms (331 modules)
 ✓ Compiled in 494ms (331 modules)
 ✓ Compiled in 515ms (331 modules)
 ✓ Compiled in 506ms (331 modules)
 ✓ Compiled in 593ms (331 modules)
 ✓ Compiled in 396ms (331 modules)
 ✓ Compiled in 911ms (331 modules)
 ✓ Compiled in 311ms (331 modules)
 ✓ Compiled in 318ms (331 modules)
 ✓ Compiled in 298ms (331 modules)
 ✓ Compiled in 389ms (331 modules)
 ✓ Compiled in 311ms (331 modules)
 ✓ Compiled in 306ms (331 modules)
 ✓ Compiled in 307ms (331 modules)
 ✓ Compiled in 387ms (331 modules)
 ✓ Compiled in 419ms (331 modules)
 ✓ Compiled in 381ms (331 modules)
 ✓ Compiled in 408ms (331 modules)
 GET / 200 in 407ms
 ✓ Compiled in 407ms (331 modules)
 GET / 200 in 581ms
 ✓ Compiled in 583ms (331 modules)
 GET / 200 in 314ms
 ✓ Compiled in 501ms (331 modules)
 GET / 200 in 603ms
 GET / 200 in 704ms
 ✓ Compiled in 789ms (331 modules)
 GET / 200 in 794ms
 ✓ Compiled in 701ms (331 modules)
 ✓ Compiled in 495ms (331 modules)
 ✓ Compiled in 508ms (331 modules)
 ✓ Compiled in 508ms (331 modules)
 ✓ Compiled in 499ms (331 modules)
 ✓ Compiled in 599ms (331 modules)
 ✓ Compiled in 414ms (331 modules)
 ✓ Compiled in 398ms (331 modules)
 ✓ Compiled in 379ms (331 modules)
 ✓ Compiled in 325ms (331 modules)
 ✓ Compiled in 286ms (331 modules)
 ✓ Compiled in 386ms (331 modules)
 ✓ Compiled in 400ms (331 modules)
 ✓ Compiled in 408ms (331 modules)
 ✓ Compiled in 314ms (331 modules)
 ✓ Compiled in 320ms (331 modules)
 ✓ Compiled in 496ms (331 modules)
 ✓ Compiled in 382ms (331 modules)
 ✓ Compiled in 503ms (331 modules)
 ✓ Compiled in 396ms (331 modules)
 ✓ Compiled in 393ms (331 modules)
 ✓ Compiled in 400ms (331 modules)
 ✓ Compiled in 297ms (331 modules)
 ✓ Compiled in 399ms (331 modules)
 ✓ Compiled in 303ms (331 modules)
 ✓ Compiled in 392ms (331 modules)
 ✓ Compiled in 1315ms (331 modules)
 ✓ Compiled in 387ms (331 modules)
 ✓ Compiled in 492ms (331 modules)
 ✓ Compiled in 320ms (331 modules)
 ✓ Compiled in 288ms (331 modules)
 ✓ Compiled in 305ms (331 modules)
 ✓ Compiled in 388ms (331 modules)
 ✓ Compiled in 392ms (331 modules)
 ✓ Compiled in 308ms (331 modules)
 ✓ Compiled in 306ms (331 modules)
 ✓ Compiled in 296ms (331 modules)
 ✓ Compiled in 384ms (331 modules)
 ✓ Compiled in 310ms (331 modules)
 ✓ Compiled in 299ms (331 modules)
 ✓ Compiled in 501ms (331 modules)
 ✓ Compiled in 398ms (331 modules)
 ✓ Compiled in 384ms (331 modules)
 ✓ Compiled in 306ms (331 modules)
 ✓ Compiled in 310ms (331 modules)
 ✓ Compiled in 379ms (331 modules)
 ✓ Compiled in 300ms (331 modules)
 ✓ Compiled in 301ms (331 modules)
 ✓ Compiled in 307ms (331 modules)
 ✓ Compiled in 390ms (331 modules)
 ✓ Compiled in 497ms (331 modules)
 ✓ Compiled in 303ms (331 modules)
 ✓ Compiled in 393ms (331 modules)
 ✓ Compiled in 317ms (331 modules)
 ✓ Compiled in 289ms (331 modules)
 ✓ Compiled in 389ms (331 modules)
 ✓ Compiled in 224ms (331 modules)
 ✓ Compiled in 219ms (331 modules)
 ✓ Compiled in 406ms (331 modules)
 ✓ Compiled in 233ms (331 modules)
 ✓ Compiled in 285ms (331 modules)
 ✓ Compiled in 303ms (331 modules)
 ✓ Compiled in 298ms (331 modules)
 ✓ Compiled in 293ms (331 modules)
 ✓ Compiled in 324ms (331 modules)
 ✓ Compiled in 309ms (331 modules)
 ✓ Compiled in 218ms (331 modules)
 ✓ Compiled in 307ms (331 modules)
 ✓ Compiled in 221ms (331 modules)
 ✓ Compiled in 313ms (331 modules)
 ✓ Compiled in 390ms (331 modules)
 ✓ Compiled in 309ms (331 modules)
 ✓ Compiled in 301ms (331 modules)
 ✓ Compiled in 306ms (331 modules)
 ✓ Compiled in 313ms (331 modules)
 ✓ Compiled in 302ms (331 modules)
 ✓ Compiled in 296ms (331 modules)
 ✓ Compiled in 302ms (331 modules)
 ✓ Compiled in 321ms (331 modules)
 ✓ Compiled in 390ms (331 modules)
 ✓ Compiled in 305ms (331 modules)
 ✓ Compiled in 307ms (331 modules)
 ✓ Compiled in 386ms (331 modules)
 ✓ Compiled in 386ms (331 modules)
 ✓ Compiled in 301ms (331 modules)
 ✓ Compiled in 311ms (331 modules)
 ✓ Compiled in 296ms (331 modules)
 ✓ Compiled in 302ms (331 modules)
 ✓ Compiled in 298ms (331 modules)
 ✓ Compiled in 386ms (331 modules)
 ✓ Compiled in 302ms (331 modules)
 ✓ Compiled in 303ms (331 modules)
 ✓ Compiled in 293ms (331 modules)
 ✓ Compiled in 302ms (331 modules)
 ✓ Compiled in 295ms (331 modules)
 ✓ Compiled in 305ms (331 modules)
 ✓ Compiled in 294ms (331 modules)
 ✓ Compiled in 307ms (331 modules)
 ✓ Compiled in 403ms (331 modules)
 ✓ Compiled in 291ms (331 modules)
 ✓ Compiled in 321ms (331 modules)
 ✓ Compiled in 308ms (331 modules)
 ✓ Compiled in 216ms (331 modules)
 ✓ Compiled in 395ms (331 modules)
 ✓ Compiled in 304ms (331 modules)
 ✓ Compiled in 293ms (331 modules)
 ✓ Compiled in 391ms (331 modules)
 ✓ Compiled in 303ms (331 modules)
 ✓ Compiled in 293ms (331 modules)
 ✓ Compiled in 305ms (331 modules)
 ✓ Compiled in 395ms (331 modules)
 ✓ Compiled in 302ms (331 modules)
 ✓ Compiled in 299ms (331 modules)
 ✓ Compiled in 309ms (331 modules)
 ✓ Compiled in 289ms (331 modules)
 ✓ Compiled in 300ms (331 modules)
 ✓ Compiled in 390ms (331 modules)
 ✓ Compiled in 314ms (331 modules)
 ✓ Compiled in 379ms (331 modules)
 ✓ Compiled in 307ms (331 modules)
 ✓ Compiled in 309ms (331 modules)
 ✓ Compiled in 389ms (331 modules)
 ✓ Compiled in 309ms (331 modules)
 ✓ Compiled in 292ms (331 modules)
 ✓ Compiled in 310ms (331 modules)
 ✓ Compiled in 308ms (331 modules)
 ✓ Compiled in 293ms (331 modules)
 ✓ Compiled in 384ms (331 modules)
 ✓ Compiled in 296ms (331 modules)
 ✓ Compiled in 410ms (331 modules)
 ✓ Compiled in 297ms (331 modules)
 ✓ Compiled in 300ms (331 modules)
 ✓ Compiled in 298ms (331 modules)
 ✓ Compiled in 317ms (331 modules)
 ✓ Compiled in 315ms (331 modules)
 ✓ Compiled in 298ms (331 modules)
 ✓ Compiled in 308ms (331 modules)
 ✓ Compiled in 402ms (331 modules)
 ✓ Compiled in 232ms (331 modules)
 ✓ Compiled in 316ms (331 modules)
 ✓ Compiled in 304ms (331 modules)
 ✓ Compiled in 293ms (331 modules)
 ✓ Compiled in 304ms (331 modules)
 ✓ Compiled in 303ms (331 modules)
 ✓ Compiled in 289ms (331 modules)
 ✓ Compiled in 302ms (331 modules)
 ✓ Compiled in 404ms (331 modules)
 ✓ Compiled in 217ms (331 modules)
 ✓ Compiled in 311ms (331 modules)
 ✓ Compiled in 302ms (331 modules)
 ✓ Compiled in 412ms (331 modules)
 ✓ Compiled in 393ms (331 modules)
 ✓ Compiled in 388ms (331 modules)
 ✓ Compiled in 301ms (331 modules)
 ✓ Compiled in 308ms (331 modules)
 ✓ Compiled in 304ms (331 modules)
 ✓ Compiled in 301ms (331 modules)
 ✓ Compiled in 387ms (331 modules)
 ✓ Compiled in 294ms (331 modules)
 ✓ Compiled in 219ms (331 modules)
 ✓ Compiled in 316ms (331 modules)
 ✓ Compiled in 306ms (331 modules)
 ✓ Compiled in 291ms (331 modules)
 ✓ Compiled in 396ms (331 modules)
 ✓ Compiled in 502ms (331 modules)
 ✓ Compiled in 395ms (331 modules)
 ✓ Compiled in 397ms (331 modules)
 ✓ Compiled in 484ms (331 modules)
 ✓ Compiled in 306ms (331 modules)
 ✓ Compiled in 306ms (331 modules)
 ✓ Compiled in 1184ms (331 modules)
 ✓ Compiled in 496ms (331 modules)
 ✓ Compiled in 399ms (331 modules)
 ✓ Compiled in 301ms (331 modules)
 ✓ Compiled in 302ms (331 modules)
 ✓ Compiled in 312ms (331 modules)
 ✓ Compiled in 296ms (331 modules)
 ✓ Compiled in 300ms (331 modules)
 ✓ Compiled in 310ms (331 modules)
 ✓ Compiled in 283ms (331 modules)
 ✓ Compiled in 305ms (331 modules)
 ✓ Compiled in 375ms (331 modules)
 ✓ Compiled in 221ms (331 modules)
 ✓ Compiled in 303ms (331 modules)
 ✓ Compiled in 303ms (331 modules)
 ✓ Compiled in 312ms (331 modules)
 ✓ Compiled in 383ms (331 modules)
 ✓ Compiled in 314ms (331 modules)
 ✓ Compiled in 295ms (331 modules)
 ✓ Compiled in 387ms (331 modules)
 ✓ Compiled in 230ms (331 modules)
 ✓ Compiled in 278ms (331 modules)
 ✓ Compiled in 288ms (331 modules)
 ✓ Compiled in 302ms (331 modules)
 ✓ Compiled in 300ms (331 modules)
 ✓ Compiled in 295ms (331 modules)
 ✓ Compiled in 317ms (331 modules)
 ✓ Compiled in 294ms (331 modules)
 ✓ Compiled in 312ms (331 modules)
 ✓ Compiled in 230ms (331 modules)
 ✓ Compiled in 222ms (331 modules)
 ✓ Compiled in 304ms (331 modules)
 ✓ Compiled in 297ms (331 modules)
 ✓ Compiled in 300ms (331 modules)
 ✓ Compiled in 302ms (331 modules)
 ✓ Compiled in 309ms (331 modules)
 ✓ Compiled in 301ms (331 modules)
 ✓ Compiled in 289ms (331 modules)
 ✓ Compiled in 302ms (331 modules)
 ✓ Compiled in 305ms (331 modules)
 ✓ Compiled in 297ms (331 modules)
 ✓ Compiled in 306ms (331 modules)
 ✓ Compiled in 292ms (331 modules)
 ✓ Compiled in 307ms (331 modules)
 ✓ Compiled in 292ms (331 modules)
 ✓ Compiled in 294ms (331 modules)
 ✓ Compiled in 385ms (331 modules)
 ✓ Compiled in 301ms (331 modules)
 ✓ Compiled in 304ms (331 modules)
 ✓ Compiled in 290ms (331 modules)
 ✓ Compiled in 298ms (331 modules)
 ✓ Compiled in 229ms (331 modules)
 ✓ Compiled in 308ms (331 modules)
 ✓ Compiled in 303ms (331 modules)
 ✓ Compiled in 296ms (331 modules)
 ✓ Compiled in 300ms (331 modules)
 ✓ Compiled in 303ms (331 modules)
 ✓ Compiled in 294ms (331 modules)
 ✓ Compiled in 298ms (331 modules)
 ✓ Compiled in 304ms (331 modules)
 ✓ Compiled in 302ms (331 modules)
 ✓ Compiled in 297ms (331 modules)
 ✓ Compiled in 305ms (331 modules)
 ✓ Compiled in 287ms (331 modules)
 ✓ Compiled in 385ms (331 modules)
 ✓ Compiled in 317ms (331 modules)
 ✓ Compiled in 297ms (331 modules)
 ✓ Compiled in 311ms (331 modules)
 ✓ Compiled in 305ms (331 modules)
 ✓ Compiled in 296ms (331 modules)
 ✓ Compiled in 300ms (331 modules)
 ✓ Compiled in 299ms (331 modules)
 ✓ Compiled in 316ms (331 modules)
 ✓ Compiled in 291ms (331 modules)
 ✓ Compiled in 388ms (331 modules)
 ✓ Compiled in 395ms (331 modules)
 ✓ Compiled in 304ms (331 modules)
 ✓ Compiled in 314ms (331 modules)
 ✓ Compiled in 284ms (331 modules)
 ✓ Compiled in 302ms (331 modules)
 ✓ Compiled in 305ms (331 modules)
 ✓ Compiled in 301ms (331 modules)
 ✓ Compiled in 308ms (331 modules)
 ✓ Compiled in 289ms (331 modules)
 ✓ Compiled in 292ms (331 modules)
 ✓ Compiled in 312ms (331 modules)
 ✓ Compiled in 316ms (331 modules)
 ✓ Compiled in 287ms (331 modules)
 ✓ Compiled in 292ms (331 modules)
 ✓ Compiled in 313ms (331 modules)
 ✓ Compiled in 284ms (331 modules)
 ✓ Compiled in 315ms (331 modules)
 ✓ Compiled in 291ms (331 modules)
 ✓ Compiled in 288ms (331 modules)
 ✓ Compiled in 305ms (331 modules)
 ✓ Compiled in 381ms (331 modules)
 ✓ Compiled in 214ms (331 modules)
 ✓ Compiled in 304ms (331 modules)
 ✓ Compiled in 391ms (331 modules)
 ✓ Compiled in 292ms (331 modules)
 ✓ Compiled in 301ms (331 modules)
 ✓ Compiled in 305ms (331 modules)
 ✓ Compiled in 221ms (331 modules)
 ✓ Compiled in 309ms (331 modules)
 ✓ Compiled in 307ms (331 modules)
 ✓ Compiled in 292ms (331 modules)
 ✓ Compiled in 295ms (331 modules)
 ✓ Compiled in 293ms (331 modules)
 ✓ Compiled in 306ms (331 modules)
 ✓ Compiled in 294ms (331 modules)
 ✓ Compiled in 303ms (331 modules)
 ✓ Compiled in 298ms (331 modules)
 ✓ Compiled in 310ms (331 modules)
 ✓ Compiled in 305ms (331 modules)
 ✓ Compiled in 302ms (331 modules)
 ✓ Compiled in 310ms (331 modules)
 ✓ Compiled in 388ms (331 modules)
 ✓ Compiled in 307ms (331 modules)
 ✓ Compiled in 295ms (331 modules)
 ✓ Compiled in 307ms (331 modules)
 ✓ Compiled in 298ms (331 modules)
 ✓ Compiled in 310ms (331 modules)
 ✓ Compiled in 316ms (331 modules)
 ✓ Compiled in 218ms (331 modules)
 ✓ Compiled in 299ms (331 modules)
 ✓ Compiled in 303ms (331 modules)
 ✓ Compiled in 288ms (331 modules)
 ✓ Compiled in 300ms (331 modules)
 ✓ Compiled in 389ms (331 modules)
 ✓ Compiled in 295ms (331 modules)
 ✓ Compiled in 300ms (331 modules)
 ✓ Compiled in 299ms (331 modules)
 ✓ Compiled in 213ms (331 modules)
 ✓ Compiled in 290ms (331 modules)
 ✓ Compiled in 305ms (331 modules)
 ✓ Compiled in 398ms (331 modules)
 ✓ Compiled in 383ms (331 modules)
 ✓ Compiled in 226ms (331 modules)
 ✓ Compiled in 290ms (331 modules)
 ✓ Compiled in 299ms (331 modules)
 ✓ Compiled in 299ms (331 modules)
 ✓ Compiled in 292ms (331 modules)
 ✓ Compiled in 488ms (331 modules)
 ✓ Compiled in 1200ms (331 modules)
 ✓ Compiled in 404ms (331 modules)
 ✓ Compiled in 398ms (331 modules)
 ✓ Compiled in 300ms (331 modules)
 ✓ Compiled in 311ms (331 modules)
 ✓ Compiled in 291ms (331 modules)
 ✓ Compiled in 309ms (331 modules)
 ✓ Compiled in 297ms (331 modules)
 ✓ Compiled in 231ms (331 modules)
 ✓ Compiled in 370ms (331 modules)
 ✓ Compiled in 296ms (331 modules)
 ✓ Compiled in 211ms (331 modules)
 ✓ Compiled in 294ms (331 modules)
 ✓ Compiled in 299ms (331 modules)
 ✓ Compiled in 394ms (331 modules)
 ✓ Compiled in 404ms (331 modules)
 ✓ Compiled in 309ms (331 modules)
 ✓ Compiled in 290ms (331 modules)
 ✓ Compiled in 306ms (331 modules)
 ✓ Compiled in 380ms (331 modules)
 ✓ Compiled in 305ms (331 modules)
 ✓ Compiled in 309ms (331 modules)
 ✓ Compiled in 306ms (331 modules)
 ✓ Compiled in 224ms (331 modules)
 ✓ Compiled in 293ms (331 modules)
 ✓ Compiled in 306ms (331 modules)
 ✓ Compiled in 301ms (331 modules)
 ✓ Compiled in 310ms (331 modules)
 ✓ Compiled in 311ms (331 modules)
 ✓ Compiled in 284ms (331 modules)
 ✓ Compiled in 312ms (331 modules)
 ✓ Compiled in 301ms (331 modules)
 ✓ Compiled in 283ms (331 modules)
 ✓ Compiled in 395ms (331 modules)
 ✓ Compiled in 292ms (331 modules)
 ✓ Compiled in 222ms (331 modules)
 ✓ Compiled in 304ms (331 modules)
 ✓ Compiled in 290ms (331 modules)
 ✓ Compiled in 288ms (331 modules)
 ✓ Compiled in 308ms (331 modules)
 ✓ Compiled in 302ms (331 modules)
 ✓ Compiled in 303ms (331 modules)
 ✓ Compiled in 293ms (331 modules)
 ✓ Compiled in 308ms (331 modules)
 ✓ Compiled in 287ms (331 modules)
 ✓ Compiled in 303ms (331 modules)
 ✓ Compiled in 311ms (331 modules)
 ✓ Compiled in 286ms (331 modules)
 ✓ Compiled in 296ms (331 modules)
 ✓ Compiled in 293ms (331 modules)
 ✓ Compiled in 295ms (331 modules)
 ✓ Compiled in 302ms (331 modules)
 ✓ Compiled in 225ms (331 modules)
 ✓ Compiled in 216ms (331 modules)
 ✓ Compiled in 296ms (331 modules)
 ✓ Compiled in 308ms (331 modules)
 ✓ Compiled in 294ms (331 modules)
 ✓ Compiled in 296ms (331 modules)
 ✓ Compiled in 309ms (331 modules)
 ✓ Compiled in 218ms (331 modules)
 ✓ Compiled in 289ms (331 modules)
 ✓ Compiled in 301ms (331 modules)
 ✓ Compiled in 293ms (331 modules)
 ✓ Compiled in 301ms (331 modules)
 ✓ Compiled in 312ms (331 modules)
 ✓ Compiled in 291ms (331 modules)
 ✓ Compiled in 295ms (331 modules)
 ✓ Compiled in 388ms (331 modules)
 ✓ Compiled in 303ms (331 modules)
 ✓ Compiled in 301ms (331 modules)
 ✓ Compiled in 303ms (331 modules)
 ✓ Compiled in 294ms (331 modules)
 ✓ Compiled in 298ms (331 modules)
 ✓ Compiled in 293ms (331 modules)
 ✓ Compiled in 219ms (331 modules)
 ✓ Compiled in 296ms (331 modules)
 ✓ Compiled in 295ms (331 modules)
 ✓ Compiled in 289ms (331 modules)
 ✓ Compiled in 288ms (331 modules)
 ✓ Compiled in 234ms (331 modules)
 ✓ Compiled in 300ms (331 modules)
 ✓ Compiled in 220ms (331 modules)
 ✓ Compiled in 283ms (331 modules)
 ✓ Compiled in 309ms (331 modules)
 ✓ Compiled in 382ms (331 modules)
 ✓ Compiled in 232ms (331 modules)
 ✓ Compiled in 223ms (331 modules)
 ✓ Compiled in 288ms (331 modules)
 ✓ Compiled in 308ms (331 modules)
 ✓ Compiled in 301ms (331 modules)
 ✓ Compiled in 305ms (331 modules)
 ✓ Compiled in 298ms (331 modules)
 ✓ Compiled in 405ms (331 modules)
 ✓ Compiled in 302ms (331 modules)
 ✓ Compiled in 304ms (331 modules)
 ✓ Compiled in 286ms (331 modules)
 ✓ Compiled in 298ms (331 modules)
 ✓ Compiled in 308ms (331 modules)
 ✓ Compiled in 289ms (331 modules)
 ✓ Compiled in 298ms (331 modules)
 ✓ Compiled in 302ms (331 modules)
 ✓ Compiled in 295ms (331 modules)
 ✓ Compiled in 308ms (331 modules)
 ✓ Compiled in 306ms (331 modules)
 ✓ Compiled in 219ms (331 modules)
 ✓ Compiled in 297ms (331 modules)
 ✓ Compiled in 385ms (331 modules)
 ✓ Compiled in 323ms (331 modules)
 ✓ Compiled in 287ms (331 modules)
 ✓ Compiled in 382ms (331 modules)
 ✓ Compiled in 305ms (331 modules)
 ✓ Compiled in 298ms (331 modules)
 ✓ Compiled in 306ms (331 modules)
 ✓ Compiled in 296ms (331 modules)
 ✓ Compiled in 295ms (331 modules)
 ✓ Compiled in 306ms (331 modules)
 ✓ Compiled in 293ms (331 modules)
 ✓ Compiled in 387ms (331 modules)
 ✓ Compiled in 298ms (331 modules)
 ✓ Compiled in 219ms (331 modules)
 ✓ Compiled in 379ms (331 modules)
 ✓ Compiled in 317ms (331 modules)
 ✓ Compiled in 290ms (331 modules)
 ✓ Compiled in 397ms (331 modules)
 ✓ Compiled in 303ms (331 modules)
 ✓ Compiled in 299ms (331 modules)
 ✓ Compiled in 310ms (331 modules)
 ✓ Compiled in 304ms (331 modules)
 ✓ Compiled in 295ms (331 modules)
 ✓ Compiled in 297ms (331 modules)
 ✓ Compiled in 304ms (331 modules)
 ✓ Compiled in 294ms (331 modules)
 ✓ Compiled in 387ms (331 modules)
 ✓ Compiled in 299ms (331 modules)
 ✓ Compiled in 310ms (331 modules)
 ✓ Compiled in 296ms (331 modules)
 ✓ Compiled in 387ms (331 modules)
 ✓ Compiled in 217ms (331 modules)
 ✓ Compiled in 302ms (331 modules)
 ✓ Compiled in 306ms (331 modules)
 ✓ Compiled in 285ms (331 modules)
 ✓ Compiled in 301ms (331 modules)
 ✓ Compiled in 298ms (331 modules)
 ✓ Compiled in 291ms (331 modules)
 ✓ Compiled in 306ms (331 modules)
 ✓ Compiled in 310ms (331 modules)
 ✓ Compiled in 216ms (331 modules)
 ✓ Compiled in 391ms (331 modules)
 ✓ Compiled in 307ms (331 modules)
 ✓ Compiled in 1283ms (331 modules)
 ✓ Compiled in 397ms (331 modules)
 ✓ Compiled in 301ms (331 modules)
 ✓ Compiled in 300ms (331 modules)
 ✓ Compiled in 327ms (331 modules)
 ✓ Compiled in 304ms (331 modules)
 ✓ Compiled in 296ms (331 modules)
 ✓ Compiled in 306ms (331 modules)
 ✓ Compiled in 309ms (331 modules)
 ✓ Compiled in 289ms (331 modules)
 ✓ Compiled in 296ms (331 modules)
 ✓ Compiled in 302ms (331 modules)
 ✓ Compiled in 383ms (331 modules)
 ✓ Compiled in 303ms (331 modules)
 ✓ Compiled in 308ms (331 modules)
 ✓ Compiled in 292ms (331 modules)
 ✓ Compiled in 400ms (331 modules)
 ✓ Compiled in 311ms (331 modules)
 ✓ Compiled in 294ms (331 modules)
 ✓ Compiled in 386ms (331 modules)
 ✓ Compiled in 303ms (331 modules)
 ✓ Compiled in 298ms (331 modules)
 ✓ Compiled in 394ms (331 modules)
 ✓ Compiled in 303ms (331 modules)
 ✓ Compiled in 301ms (331 modules)
 ✓ Compiled in 299ms (331 modules)
 ✓ Compiled in 298ms (331 modules)
 ✓ Compiled in 293ms (331 modules)
 ✓ Compiled in 296ms (331 modules)
 ✓ Compiled in 309ms (331 modules)
 ✓ Compiled in 294ms (331 modules)
 ✓ Compiled in 298ms (331 modules)
 ✓ Compiled in 306ms (331 modules)
 ✓ Compiled in 290ms (331 modules)
 ✓ Compiled in 302ms (331 modules)
 ✓ Compiled in 297ms (331 modules)
 ✓ Compiled in 286ms (331 modules)
 ✓ Compiled in 304ms (331 modules)
 ✓ Compiled in 308ms (331 modules)
 ✓ Compiled in 303ms (331 modules)
 ✓ Compiled in 304ms (331 modules)
 ✓ Compiled in 372ms (331 modules)
 ✓ Compiled in 223ms (331 modules)
 ✓ Compiled in 381ms (331 modules)
 ✓ Compiled in 406ms (331 modules)
 ✓ Compiled in 295ms (331 modules)
 ✓ Compiled in 297ms (331 modules)
 ✓ Compiled in 297ms (331 modules)
 ✓ Compiled in 300ms (331 modules)
 ✓ Compiled in 304ms (331 modules)
 ✓ Compiled in 296ms (331 modules)
 ✓ Compiled in 388ms (331 modules)
 ✓ Compiled in 314ms (331 modules)
 ✓ Compiled in 308ms (331 modules)
 ✓ Compiled in 282ms (331 modules)
 ✓ Compiled in 395ms (331 modules)
 ✓ Compiled in 308ms (331 modules)
 ✓ Compiled in 301ms (331 modules)
 ✓ Compiled in 378ms (331 modules)
 ✓ Compiled in 298ms (331 modules)
 ✓ Compiled in 295ms (331 modules)
 ✓ Compiled in 309ms (331 modules)
 ✓ Compiled in 298ms (331 modules)
 ✓ Compiled in 299ms (331 modules)
 ✓ Compiled in 309ms (331 modules)
 ✓ Compiled in 298ms (331 modules)
 ✓ Compiled in 381ms (331 modules)
 ✓ Compiled in 303ms (331 modules)
 ✓ Compiled in 306ms (331 modules)
 ✓ Compiled in 292ms (331 modules)
 ✓ Compiled in 294ms (331 modules)
 ✓ Compiled in 221ms (331 modules)
 ✓ Compiled in 215ms (331 modules)
 ✓ Compiled in 499ms (331 modules)
 GET / 200 in 587ms
 ✓ Compiled in 424ms (331 modules)
 GET / 200 in 486ms
 ✓ Compiled in 498ms (331 modules)
 GET / 200 in 579ms
 ✓ Compiled in 688ms (331 modules)
 GET / 200 in 622ms
 ✓ Compiled in 596ms (331 modules)
 GET / 200 in 490ms
 ✓ Compiled in 400ms (331 modules)
 GET / 200 in 788ms
 ✓ Compiled in 601ms (331 modules)
 ✓ Compiled in 395ms (331 modules)
 ✓ Compiled in 493ms (331 modules)
 ✓ Compiled in 401ms (331 modules)
 ✓ Compiled in 486ms (331 modules)
 ✓ Compiled in 501ms (331 modules)
 ✓ Compiled in 419ms (331 modules)
 ✓ Compiled in 428ms (331 modules)
 ✓ Compiled in 476ms (331 modules)
 ✓ Compiled in 494ms (331 modules)
 ✓ Compiled in 396ms (331 modules)
 ✓ Compiled in 597ms (331 modules)
 ✓ Compiled in 230ms (331 modules)
 ✓ Compiled in 316ms (331 modules)
 ✓ Compiled in 311ms (331 modules)
 ✓ Compiled in 294ms (331 modules)
 ✓ Compiled in 310ms (331 modules)
 ✓ Compiled in 303ms (331 modules)
 ✓ Compiled in 223ms (331 modules)
 ✓ Compiled in 312ms (331 modules)
 ✓ Compiled in 391ms (331 modules)
 ✓ Compiled in 400ms (331 modules)
 ✓ Compiled in 314ms (331 modules)
 ✓ Compiled in 378ms (331 modules)
 ✓ Compiled in 314ms (331 modules)
 ✓ Compiled in 302ms (331 modules)
 ✓ Compiled in 378ms (331 modules)
 ✓ Compiled in 311ms (331 modules)
 ✓ Compiled in 302ms (331 modules)
 ✓ Compiled in 384ms (331 modules)
 ✓ Compiled in 218ms (331 modules)
 ✓ Compiled in 296ms (331 modules)
 ✓ Compiled in 309ms (331 modules)
 ✓ Compiled in 287ms (331 modules)
 ✓ Compiled in 304ms (331 modules)
 ✓ Compiled in 305ms (331 modules)
 ✓ Compiled in 305ms (331 modules)
 ✓ Compiled in 312ms (331 modules)
 ✓ Compiled in 378ms (331 modules)
 ✓ Compiled in 311ms (331 modules)
 ✓ Compiled in 307ms (331 modules)
 ✓ Compiled in 303ms (331 modules)
 ✓ Compiled in 368ms (331 modules)
 ✓ Compiled in 307ms (331 modules)
 ✓ Compiled in 300ms (331 modules)
 ✓ Compiled in 290ms (331 modules)
 ✓ Compiled in 305ms (331 modules)
 ✓ Compiled in 305ms (331 modules)
 ✓ Compiled in 295ms (331 modules)
 ✓ Compiled in 307ms (331 modules)
 ✓ Compiled in 301ms (331 modules)
 ✓ Compiled in 292ms (331 modules)
 ✓ Compiled in 311ms (331 modules)
 ✓ Compiled in 296ms (331 modules)
 ✓ Compiled in 217ms (331 modules)
 ✓ Compiled in 391ms (331 modules)
 ✓ Compiled in 304ms (331 modules)
 ✓ Compiled in 292ms (331 modules)
 ✓ Compiled in 304ms (331 modules)
 ✓ Compiled in 303ms (331 modules)
 ✓ Compiled in 300ms (331 modules)
 ✓ Compiled in 305ms (331 modules)
 ✓ Compiled in 303ms (331 modules)
 ✓ Compiled in 225ms (331 modules)
 ✓ Compiled in 309ms (331 modules)
 ✓ Compiled in 310ms (331 modules)
 ✓ Compiled in 381ms (331 modules)
 ✓ Compiled in 307ms (331 modules)
 ✓ Compiled in 305ms (331 modules)
 ✓ Compiled in 385ms (331 modules)
 ✓ Compiled in 300ms (331 modules)
 ✓ Compiled in 301ms (331 modules)
 ✓ Compiled in 307ms (331 modules)
 ✓ Compiled in 594ms (331 modules)
 ✓ Compiled in 1204ms (331 modules)
 ✓ Compiled in 304ms (331 modules)
 ✓ Compiled in 305ms (331 modules)
 ✓ Compiled in 386ms (331 modules)
 ✓ Compiled in 303ms (331 modules)
 ✓ Compiled in 302ms (331 modules)
 ✓ Compiled in 296ms (331 modules)
 ✓ Compiled in 308ms (331 modules)
 ✓ Compiled in 294ms (331 modules)
 ✓ Compiled in 319ms (331 modules)
 ✓ Compiled in 307ms (331 modules)
 ✓ Compiled in 295ms (331 modules)
 ✓ Compiled in 377ms (331 modules)
 ✓ Compiled in 308ms (331 modules)
 ✓ Compiled in 298ms (331 modules)
 ✓ Compiled in 496ms (331 modules)
 ✓ Compiled in 388ms (331 modules)
 ✓ Compiled in 301ms (331 modules)
 ✓ Compiled in 303ms (331 modules)
 ✓ Compiled in 324ms (331 modules)
 ✓ Compiled in 224ms (331 modules)
 ✓ Compiled in 299ms (331 modules)
 ✓ Compiled in 298ms (331 modules)
 ✓ Compiled in 290ms (331 modules)
 ✓ Compiled in 380ms (331 modules)
 ✓ Compiled in 303ms (331 modules)
 ✓ Compiled in 308ms (331 modules)
 ✓ Compiled in 291ms (331 modules)
 ✓ Compiled in 310ms (331 modules)
 ✓ Compiled in 290ms (331 modules)
